
SYMBOLS BY NAME

      80            CTL_IRQ_STACK_SIZE  
    27c0 UDATA0     _ARC_bus_task       
    4512 CODE       _ARC_setup          
    4a00 CODE       _BUS_cmd_init       
    4a12 CODE       _BUS_cmd_tx         
    4a8e CODE       _BUS_i2c_tx         
    25c0 UDATA0     _BUS_stack          
    38be CODE       _Build_Packet       
    3438 ISR        _DMA_int            
    1322 UDATA0     _PktLen             
    3104 ISR        _Port2_ISR          
    3a90 CODE       _Radio_Read_Burst_Registers
    3b04 CODE       _Radio_Read_Status  
    39d4 CODE       _Radio_Strobe       
    3a3e CODE       _Radio_Write_Burst_Registers
    3a04 CODE       _Radio_Write_Registers
    393e CODE       _Reset_Radios       
    1327 UDATA0     _RxBuffer           
    1323 UDATA0     _RxBufferLen        
    1314 UDATA0     _RxBufferPos        
    1312 UDATA0     _RxBytesRemaining   
    1310 UDATA0     _RxFIFOLen          
    130e UDATA0     _RxThrBytes         
    38ec CODE       _SPI_Setup          
    1d96 UDATA0     _SPI_buf            
    4bc6 CODE       _SPI_deactivate     
    4bb2 CODE       _SPI_master_setup   
    27f8 UDATA0     _SUB_events         
    38b6 CODE       _SUB_parseCmd       
    38de CODE       _TI_CC_Wait         
    3b4a CODE       _TXRX               
    1429 UDATA0     _TxBuffer           
    1318 UDATA0     _TxBufferPos        
    1316 UDATA0     _TxBytesRemaining   
    32b6 ISR        _UC0_TX             
    3338 ISR        _UC0_rx             
    3226 ISR        _UC1_TX             
    325c ISR        _UC1_rx             
    196e UDATA0     _UCA1_RxBuf         
    1984 UDATA0     _UCA1_TxBuf         
    4480 CODE       _UCA1_TxChar        
    3f3e CODE       _Write_RF_Settings  
    1100            ___RAM_Address      
    2000            ___RAM_Size         
    1100 IDATA0     ___begin_IDATA0     
    130e UDATA0     ___begin_UDATA0     
     130            ___crt_mpy          
     138            ___crt_op2          
     13a            ___crt_reslo        
    130e IDATA0     ___end_IDATA0       
    28ac UDATA0     ___end_UDATA0       
    28aa UDATA0     ___format_extender  
    38a6 CONST      ___hex_lc           
    3896 CONST      ___hex_uc           
    558c CODE       ___int16_mul        
    562a CODE       ___pre_padding      
    560c CODE       ___print_padding    
    4f0c CODE       ___printf_lock      
    4f28 CODE       ___printf_unlock    
    55c2 CODE       ___putc             
    441e CODE       ___putchar          
    3100 ISR        ___thunk_TXRX       
    3222 ISR        ___thunk___putchar  
    55a2 CODE       ___uint16_div       
    55ba CODE       ___uint16_mod       
    5684 CODE       ___vfprintf         
    5684 CODE       ___vfprintf_int     
    27fa UDATA0     _arcBus_stat        
    340a ISR        _bus_int            
    131e UDATA0     _count              
    4b46 CODE       _crc16              
    1106 IDATA0     _crc16_tbl          
    4b26 CODE       _crc8               
    5144 CODE       _ctl_byte_queue_init
    5444 CODE       _ctl_byte_queue_post
    528c CODE       _ctl_byte_queue_post_multi
    5364 CODE       _ctl_byte_queue_post_multi_nb
    5472 CODE       _ctl_byte_queue_post_nb
    53d4 CODE       _ctl_byte_queue_receive_multi_nb
    548c CODE       _ctl_byte_queue_receive_nb
    281e UDATA0     _ctl_current_time   
    551c CODE       _ctl_enter_isr      
    4f3c CODE       _ctl_events_init    
    50e4 CODE       _ctl_events_set_clear
    4f50 CODE       _ctl_events_wait    
    5550 CODE       _ctl_exit_isr       
    4ef4 CODE       _ctl_get_current_time
    4b8e CODE       _ctl_handle_error   
    4e7e CODE       _ctl_increment_tick_from_isr
    2823 UDATA0     _ctl_interrupt_count
    281a UDATA0     _ctl_last_schedule_time
    130c IDATA0     _ctl_libc_mutex     
    4bd6 CODE       _ctl_private_add_to_task_list
    5060 CODE       _ctl_private_events_schedule
    54a0 CODE       _ctl_private_get_stack_start
    54a2 CODE       _ctl_private_init_registers
    4c24 CODE       _ctl_private_remove_from_task_list
    4c5e CODE       _ctl_private_reschedule
    5504 CODE       _ctl_private_reschedule_from_api_call
    2822 UDATA0     _ctl_reschedule_on_last_isr_exit
    4dd6 CODE       _ctl_task_die       
    2824 UDATA0     _ctl_task_executing 
    4d34 CODE       _ctl_task_init      
    2826 UDATA0     _ctl_task_list      
    4d68 CODE       _ctl_task_run       
    4dfe CODE       _ctl_task_set_priority
    2818 UDATA0     _ctl_task_switch_callout
    130a IDATA0     _ctl_time_increment 
    4e3c CODE       _ctl_timeout_wait   
    1306 IDATA0     _ctl_timeslice_period
    1320 UDATA0     _data_length        
    2598 UDATA0     _i2c_buf            
    27dc UDATA0     _idle_task          
    4526 CODE       _initARCbus         
    44bc CODE       _initCLK            
    442e CODE       _init_UCA1_UART     
    44f6 CODE       _init_timerA        
    131a UDATA0     _k                  
    4304 CODE       _main               
    49c6 CODE       _mainLoop           
    5654 CODE       _memcpy             
    5664 CODE       _memset             
    1102 IDATA0     _paTableLen         
    1100 IDATA0     _paTable_CC1101     
    1101 IDATA0     _paTable_CC2500     
    1104 IDATA0     _powerState         
    5b8e CODE       _printf             
    5bca CODE       _puts               
    152c UDATA0     _radio_event_flags  
    4b76 CODE       _set_ticker_time    
    1732 UDATA0     _stack1             
    152e UDATA0     _stack2             
    450a CODE       _start_timerA       
    131c UDATA0     _state              
    5674 CODE       _strlen             
    3466 ISR        _task_tick          
    1936 UDATA0     _tasks              
    1325 UDATA0     _temp_count1        
    1324 UDATA0     _temp_count2        
    2814 UDATA0     _ticker_time        
    1326 UDATA0     _uhf                


SYMBOLS BY VALUE

      80            CTL_IRQ_STACK_SIZE  
     130            ___crt_mpy          
     138            ___crt_op2          
     13a            ___crt_reslo        
    1100            ___RAM_Address      
    1100 IDATA0     _paTable_CC1101     
    1100 IDATA0     ___begin_IDATA0     
    1101 IDATA0     _paTable_CC2500     
    1102 IDATA0     _paTableLen         
    1104 IDATA0     _powerState         
    1106 IDATA0     _crc16_tbl          
    1306 IDATA0     _ctl_timeslice_period
    130a IDATA0     _ctl_time_increment 
    130c IDATA0     _ctl_libc_mutex     
    130e UDATA0     ___begin_UDATA0     
    130e IDATA0     ___end_IDATA0       
    130e UDATA0     _RxThrBytes         
    1310 UDATA0     _RxFIFOLen          
    1312 UDATA0     _RxBytesRemaining   
    1314 UDATA0     _RxBufferPos        
    1316 UDATA0     _TxBytesRemaining   
    1318 UDATA0     _TxBufferPos        
    131a UDATA0     _k                  
    131c UDATA0     _state              
    131e UDATA0     _count              
    1320 UDATA0     _data_length        
    1322 UDATA0     _PktLen             
    1323 UDATA0     _RxBufferLen        
    1324 UDATA0     _temp_count2        
    1325 UDATA0     _temp_count1        
    1326 UDATA0     _uhf                
    1327 UDATA0     _RxBuffer           
    1429 UDATA0     _TxBuffer           
    152c UDATA0     _radio_event_flags  
    152e UDATA0     _stack2             
    1732 UDATA0     _stack1             
    1936 UDATA0     _tasks              
    196e UDATA0     _UCA1_RxBuf         
    1984 UDATA0     _UCA1_TxBuf         
    1d96 UDATA0     _SPI_buf            
    2000            ___RAM_Size         
    2598 UDATA0     _i2c_buf            
    25c0 UDATA0     _BUS_stack          
    27c0 UDATA0     _ARC_bus_task       
    27dc UDATA0     _idle_task          
    27f8 UDATA0     _SUB_events         
    27fa UDATA0     _arcBus_stat        
    2814 UDATA0     _ticker_time        
    2818 UDATA0     _ctl_task_switch_callout
    281a UDATA0     _ctl_last_schedule_time
    281e UDATA0     _ctl_current_time   
    2822 UDATA0     _ctl_reschedule_on_last_isr_exit
    2823 UDATA0     _ctl_interrupt_count
    2824 UDATA0     _ctl_task_executing 
    2826 UDATA0     _ctl_task_list      
    28aa UDATA0     ___format_extender  
    28ac UDATA0     ___end_UDATA0       
    3100 ISR        ___thunk_TXRX       
    3104 ISR        _Port2_ISR          
    3222 ISR        ___thunk___putchar  
    3226 ISR        _UC1_TX             
    325c ISR        _UC1_rx             
    32b6 ISR        _UC0_TX             
    3338 ISR        _UC0_rx             
    340a ISR        _bus_int            
    3438 ISR        _DMA_int            
    3466 ISR        _task_tick          
    3896 CONST      ___hex_uc           
    38a6 CONST      ___hex_lc           
    38b6 CODE       _SUB_parseCmd       
    38be CODE       _Build_Packet       
    38de CODE       _TI_CC_Wait         
    38ec CODE       _SPI_Setup          
    393e CODE       _Reset_Radios       
    39d4 CODE       _Radio_Strobe       
    3a04 CODE       _Radio_Write_Registers
    3a3e CODE       _Radio_Write_Burst_Registers
    3a90 CODE       _Radio_Read_Burst_Registers
    3b04 CODE       _Radio_Read_Status  
    3b4a CODE       _TXRX               
    3f3e CODE       _Write_RF_Settings  
    4304 CODE       _main               
    441e CODE       ___putchar          
    442e CODE       _init_UCA1_UART     
    4480 CODE       _UCA1_TxChar        
    44bc CODE       _initCLK            
    44f6 CODE       _init_timerA        
    450a CODE       _start_timerA       
    4512 CODE       _ARC_setup          
    4526 CODE       _initARCbus         
    49c6 CODE       _mainLoop           
    4a00 CODE       _BUS_cmd_init       
    4a12 CODE       _BUS_cmd_tx         
    4a8e CODE       _BUS_i2c_tx         
    4b26 CODE       _crc8               
    4b46 CODE       _crc16              
    4b76 CODE       _set_ticker_time    
    4b8e CODE       _ctl_handle_error   
    4bb2 CODE       _SPI_master_setup   
    4bc6 CODE       _SPI_deactivate     
    4bd6 CODE       _ctl_private_add_to_task_list
    4c24 CODE       _ctl_private_remove_from_task_list
    4c5e CODE       _ctl_private_reschedule
    4d34 CODE       _ctl_task_init      
    4d68 CODE       _ctl_task_run       
    4dd6 CODE       _ctl_task_die       
    4dfe CODE       _ctl_task_set_priority
    4e3c CODE       _ctl_timeout_wait   
    4e7e CODE       _ctl_increment_tick_from_isr
    4ef4 CODE       _ctl_get_current_time
    4f0c CODE       ___printf_lock      
    4f28 CODE       ___printf_unlock    
    4f3c CODE       _ctl_events_init    
    4f50 CODE       _ctl_events_wait    
    5060 CODE       _ctl_private_events_schedule
    50e4 CODE       _ctl_events_set_clear
    5144 CODE       _ctl_byte_queue_init
    528c CODE       _ctl_byte_queue_post_multi
    5364 CODE       _ctl_byte_queue_post_multi_nb
    53d4 CODE       _ctl_byte_queue_receive_multi_nb
    5444 CODE       _ctl_byte_queue_post
    5472 CODE       _ctl_byte_queue_post_nb
    548c CODE       _ctl_byte_queue_receive_nb
    54a0 CODE       _ctl_private_get_stack_start
    54a2 CODE       _ctl_private_init_registers
    5504 CODE       _ctl_private_reschedule_from_api_call
    551c CODE       _ctl_enter_isr      
    5550 CODE       _ctl_exit_isr       
    558c CODE       ___int16_mul        
    55a2 CODE       ___uint16_div       
    55ba CODE       ___uint16_mod       
    55c2 CODE       ___putc             
    560c CODE       ___print_padding    
    562a CODE       ___pre_padding      
    5654 CODE       _memcpy             
    5664 CODE       _memset             
    5674 CODE       _strlen             
    5684 CODE       ___vfprintf         
    5684 CODE       ___vfprintf_int     
    5b8e CODE       _printf             
    5bca CODE       _puts               
